RAM Allocation [bytes]
Variable                                                          Address   Size
--------------------------------------------------------------------------------
tab7seg                                                           0x00E0      10

EEPROM Allocation [bytes]
Variable                                                          Address   Size
--------------------------------------------------------------------------------

Register Allocation
Variable                                                          Register  Size
--------------------------------------------------------------------------------
cn                                                                R5           1
decenas                                                           R4           1
unidades                                                          R7           1

FLASH Allocation [words]
Function                                                          Address   Size
--------------------------------------------------------------------------------
main                                                              0x0005B     83
