RAM Allocation [bytes]
Variable                                                          Address   Size
--------------------------------------------------------------------------------
col                                                               0x00E0       5
num                                                               0x00E5     100

EEPROM Allocation [bytes]
Variable                                                          Address   Size
--------------------------------------------------------------------------------

Register Allocation
Variable                                                          Register  Size
--------------------------------------------------------------------------------
i                                                                 R4,R5        2
j                                                                 R6,R7        2
n                                                                 R8,R9        2

FLASH Allocation [words]
Function                                                          Address   Size
--------------------------------------------------------------------------------
main                                                              0x00084     71
